WRN 2026-05-01T06:10:49.757 ?.48980    server_start:197: Failed to start server: operation not permitted: /Users/somnuszyy9527/.cache/nvim/tmp/nvim.somnuszyy9527/VrhV47/nvim.48980.0
WRN 2026-05-01T06:10:49.803 ?.48980    server_start:197: Failed to start server: operation not permitted: /Users/somnuszyy9527/.cache/nvim/tmp/nvim.somnuszyy9527/VrhV47/fzf-lua.1777587049.48980.1
WRN 2026-05-01T06:21:16.094 ?.81754    server_start:197: Failed to start server: operation not permitted: /Users/somnuszyy9527/.cache/nvim/tmp/nvim.somnuszyy9527/RqBmQA/nvim.81754.0
WRN 2026-05-01T06:31:46.231 ?.99171    server_start:197: Failed to start server: operation not permitted: /Users/somnuszyy9527/.cache/nvim/tmp/nvim.somnuszyy9527/DgsIT6/nvim.99171.0
WRN 2026-05-01T06:31:46.289 ?.99171    server_start:197: Failed to start server: operation not permitted: /Users/somnuszyy9527/.cache/nvim/tmp/nvim.somnuszyy9527/DgsIT6/fzf-lua.1777588306.99171.1
WRN 2026-05-01T06:50:48.738 ?.60734    server_start:197: Failed to start server: operation not permitted: /Users/somnuszyy9527/.cache/nvim/tmp/nvim.somnuszyy9527/BrG65r/nvim.60734.0
WRN 2026-05-01T06:50:56.194 ?.60904    server_start:197: Failed to start server: operation not permitted: /Users/somnuszyy9527/.cache/nvim/tmp/nvim.somnuszyy9527/CApNnO/nvim.60904.0
WRN 2026-05-01T06:51:03.898 ?.61057    server_start:197: Failed to start server: operation not permitted: /Users/somnuszyy9527/.cache/nvim/tmp/nvim.somnuszyy9527/Zp893y/nvim.61057.0
WRN 2026-05-01T06:51:04.058 ?.61057    server_start:197: Failed to start server: operation not permitted: /Users/somnuszyy9527/.cache/nvim/tmp/nvim.somnuszyy9527/Zp893y/fzf-lua.1777589464.61057.1
WRN 2026-05-01T06:58:49.016 ?.79744    server_start:197: Failed to start server: operation not permitted: /Users/somnuszyy9527/.cache/nvim/tmp/nvim.somnuszyy9527/eCiJ7c/nvim.79744.0
WRN 2026-05-01T06:58:49.017 ?.79745    server_start:197: Failed to start server: operation not permitted: /Users/somnuszyy9527/.cache/nvim/tmp/nvim.somnuszyy9527/MvxSVA/nvim.79745.0
WRN 2026-05-01T07:02:16.686 ?.84179    server_start:197: Failed to start server: operation not permitted: /Users/somnuszyy9527/.cache/nvim/tmp/nvim.somnuszyy9527/nv7SYW/nvim.84179.0
WRN 2026-05-01T07:08:19.019 ?.13471    server_start:197: Failed to start server: operation not permitted: /Users/somnuszyy9527/.cache/nvim/tmp/nvim.somnuszyy9527/fPdRQl/nvim.13471.0
WRN 2026-05-01T07:08:19.021 ?.13472    server_start:197: Failed to start server: operation not permitted: /Users/somnuszyy9527/.cache/nvim/tmp/nvim.somnuszyy9527/hpiweS/nvim.13472.0
WRN 2026-05-01T07:08:19.022 ?.13473    server_start:197: Failed to start server: operation not permitted: /Users/somnuszyy9527/.cache/nvim/tmp/nvim.somnuszyy9527/GzLfxI/nvim.13473.0
WRN 2026-05-01T07:08:19.127 ?.13473    server_start:197: Failed to start server: operation not permitted: /Users/somnuszyy9527/.cache/nvim/tmp/nvim.somnuszyy9527/GzLfxI/fzf-lua.1777590499.13473.1
WRN 2026-05-01T07:13:20.343 ?.44409    server_start:197: Failed to start server: operation not permitted: /Users/somnuszyy9527/.cache/nvim/tmp/nvim.somnuszyy9527/MMjh70/nvim.44409.0
WRN 2026-05-01T07:13:40.961 ?.44778    server_start:197: Failed to start server: operation not permitted: /Users/somnuszyy9527/.cache/nvim/tmp/nvim.somnuszyy9527/pMo5bN/nvim.44778.0
WRN 2026-05-01T07:44:53.794 ?.40451    server_start:197: Failed to start server: operation not permitted: /Users/somnuszyy9527/.cache/nvim/tmp/nvim.somnuszyy9527/EU4p6b/nvim.40451.0
WRN 2026-05-01T07:45:01.249 ?.40599    server_start:197: Failed to start server: operation not permitted: /Users/somnuszyy9527/.cache/nvim/tmp/nvim.somnuszyy9527/EyxIrb/nvim.40599.0
WRN 2026-05-01T07:45:07.765 ?.40708    server_start:197: Failed to start server: operation not permitted: /Users/somnuszyy9527/.cache/nvim/tmp/nvim.somnuszyy9527/1j33H0/nvim.40708.0
WRN 2026-05-01T07:45:07.907 ?.40708    server_start:197: Failed to start server: operation not permitted: /Users/somnuszyy9527/.cache/nvim/tmp/nvim.somnuszyy9527/1j33H0/fzf-lua.1777592707.40708.1
WRN 2026-05-01T08:18:30.579 ?.71382    server_start:197: Failed to start server: operation not permitted: /Users/somnuszyy9527/.cache/nvim/tmp/nvim.somnuszyy9527/6RjGMr/nvim.71382.0
WRN 2026-05-01T08:18:30.678 ?.71382    server_start:197: Failed to start server: operation not permitted: /Users/somnuszyy9527/.cache/nvim/tmp/nvim.somnuszyy9527/6RjGMr/fzf-lua.1777594710.71382.1
